1	0	5	0.000000
1	1000	1005	1.000000
1	1005	1010	200.000000
